// Jest Snapshot v1, https://goo.gl/fbAQLP

exports[`NavBar renders correctly 1`] = `
<DocumentFragment>
  <nav
    aria-label="main navigation"
    class="navbar is-primary"
    role="navigation"
  >
    <div
      class="navbar-brand"
    >
      <a
        class="navbar-item"
        href="/"
      >
        <img
          alt="Logo"
          data-cy="nav-link-logo"
          layout="constrained"
          placeholder="blurred"
          src="../images/bulma-logo-white.png"
        />
      </a>
      <button
        aria-expanded="false"
        aria-label="menu"
        class="navbar-burger "
        data-cy="nav-hamburger"
        data-testid="siteNav"
      >
        <span
          aria-hidden="true"
        />
        <span
          aria-hidden="true"
        />
        <span
          aria-hidden="true"
        />
      </button>
    </div>
    <div
      class="navbar-menu "
      id="siteNav"
    >
      <div
        class="navbar-start"
      >
        <a
          class="navbar-item"
          data-cy="nav-link-home"
          href="/404"
        >
          Home
        </a>
        <a
          class="navbar-item"
          data-cy="nav-link-blog"
          href="/blog"
        >
          Blog
        </a>
        <a
          class="navbar-item"
          data-cy="nav-link-wiki"
          href="/wiki"
        >
          Wiki
        </a>
        <a
          class="navbar-item"
          data-cy="nav-link-glossary"
          href="/glossary"
        >
          Glossary
        </a>
      </div>
      <div
        class="navbar-end"
      >
        <div
          class="field nav-side-width"
        >
          <p
            class="control has-icons-left has-icons-right"
          >
            <input
              class="input is-rounded is-small"
              placeholder="Search..."
              type="text"
            />
            <span
              class="icon is-small is-left"
            >
              <svg
                aria-hidden="true"
                class="svg-inline--fa fa-magnifying-glass "
                data-icon="magnifying-glass"
                data-prefix="fas"
                focusable="false"
                role="img"
                viewBox="0 0 512 512"
                xmlns="http://www.w3.org/2000/svg"
              >
                <path
                  d="M416 208c0 45.9-14.9 88.3-40 122.7L502.6 457.4c12.5 12.5 12.5 32.8 0 45.3s-32.8 12.5-45.3 0L330.7 376c-34.4 25.2-76.8 40-122.7 40C93.1 416 0 322.9 0 208S93.1 0 208 0S416 93.1 416 208zM208 352c79.5 0 144-64.5 144-144s-64.5-144-144-144S64 128.5 64 208s64.5 144 144 144z"
                  fill="currentColor"
                />
              </svg>
            </span>
          </p>
        </div>
      </div>
    </div>
  </nav>
</DocumentFragment>
`;
