// Jest Snapshot v1, https://goo.gl/fbAQLP

exports[`SideBarPostTile renders correctly 1`] = `
<DocumentFragment>
  <a
    class="horizontal-post-tile"
    href="/blog/blog-url/"
  >
    <div
      class="card"
    >
      <div
        class="card-image"
      >
        <figure>
          <img
            alt="blog image"
            image="[object Object]"
          />
        </figure>
      </div>
      <div
        class="card-content"
      >
        <div
          class="content"
        >
          <h6>
            A Blog Title
          </h6>
          <p>
            Cheesecake lemon drops cheesecake lemon drops pastry danishâ€¦
          </p>
        </div>
      </div>
    </div>
  </a>
</DocumentFragment>
`;
